Job starts at Sun Jun 7 21:13:16 CST 2020
Job ends at Sun Jun 7 21:13:19 CST 2020
