Job starts at Mon May 25 21:31:58 CST 2020
Job ends at Mon May 25 21:38:00 CST 2020
