Job starts at Thu Jun 4 14:09:23 CST 2020
Job ends at Thu Jun 4 14:09:27 CST 2020
