Job starts at Fri May 29 13:44:59 CST 2020
Job ends at Fri May 29 18:27:44 CST 2020
