Job starts at Thu Jun 4 14:10:33 CST 2020
Job ends at Thu Jun 4 14:10:36 CST 2020
