Job starts at Mon Jun 1 00:02:20 CST 2020
Job ends at Mon Jun 1 00:02:23 CST 2020
