Job starts at Sat May 23 22:53:47 CST 2020
Job ends at Sat May 23 22:53:49 CST 2020
