Job starts at Sun Jun 7 22:58:27 CST 2020
Job ends at Sun Jun 7 23:01:52 CST 2020
