Job starts at Tue Jun 2 20:24:06 CST 2020
Job ends at Tue Jun 2 20:24:12 CST 2020
